
[0;36m╔═══════════════════════════════════════════╗[0m
[0;36m║     🛩️  Price Pilot — Test Runner          ║[0m
[0;36m╚═══════════════════════════════════════════╝[0m

[1;33m[1/4][0m 🎨 Checking code formatting...
Formatted 65 files (0 changed) in 0.14 seconds.
  [0;32m✅ Formatting OK[0m
[1;33m[2/4][0m 🔍 Running static analysis...
Resolving dependencies...
Downloading packages...
  _fe_analyzer_shared 93.0.0 (94.0.0 available)
  analyzer 10.0.1 (10.0.2 available)
  app_links 6.4.1 (7.0.0 available)
  characters 1.4.0 (1.4.1 available)
  flutter_dotenv 5.2.1 (6.0.0 available)
  flutter_lints 5.0.0 (6.0.0 available)
  flutter_polyline_points 2.1.0 (3.1.0 available)
  geocoding 3.0.0 (4.0.0 available)
  geocoding_android 3.3.1 (4.0.1 available)
  geocoding_platform_interface 3.2.0 (5.0.0 available)
  geolocator 13.0.4 (14.0.2 available)
  geolocator_android 4.6.2 (5.0.2 available)
  google_fonts 6.3.3 (8.0.1 available)
  intl 0.19.0 (0.20.2 available)
  lints 5.1.1 (6.1.0 available)
  matcher 0.12.17 (0.12.18 available)
  material_color_utilities 0.11.1 (0.13.0 available)
  meta 1.17.0 (1.18.1 available)
  permission_handler 11.4.0 (12.0.1 available)
  permission_handler_android 12.1.0 (13.0.1 available)
  test_api 0.7.7 (0.7.9 available)
Got dependencies!
21 packages have newer versions incompatible with dependency constraints.
Try `flutter pub outdated` for more information.
Analyzing Price-Pilot...                                        
No issues found! (ran in 1.3s)
  [0;32m✅ Analysis clean[0m
[1;33m[3/4][0m 🧪 Running unit tests...
Resolving dependencies...
Downloading packages...
  _fe_analyzer_shared 93.0.0 (94.0.0 available)
  analyzer 10.0.1 (10.0.2 available)
  app_links 6.4.1 (7.0.0 available)
  characters 1.4.0 (1.4.1 available)
  flutter_dotenv 5.2.1 (6.0.0 available)
  flutter_lints 5.0.0 (6.0.0 available)
  flutter_polyline_points 2.1.0 (3.1.0 available)
  geocoding 3.0.0 (4.0.0 available)
  geocoding_android 3.3.1 (4.0.1 available)
  geocoding_platform_interface 3.2.0 (5.0.0 available)
  geolocator 13.0.4 (14.0.2 available)
  geolocator_android 4.6.2 (5.0.2 available)
  google_fonts 6.3.3 (8.0.1 available)
  intl 0.19.0 (0.20.2 available)
  lints 5.1.1 (6.1.0 available)
  matcher 0.12.17 (0.12.18 available)
  material_color_utilities 0.11.1 (0.13.0 available)
  meta 1.17.0 (1.18.1 available)
  permission_handler 11.4.0 (12.0.1 available)
  permission_handler_android 12.1.0 (13.0.1 available)
  test_api 0.7.7 (0.7.9 available)
Got dependencies!
21 packages have newer versions incompatible with dependency constraints.
Try `flutter pub outdated` for more information.
00:00 +0: loading /Users/mantejsingh/Desktop/Price-Pilot/test/unit/providers/ride_provider_test.dart
00:00 +0: /Users/mantejsingh/Desktop/Price-Pilot/test/unit/providers/ride_provider_test.dart: RideProvider initial state is empty
00:00 +1: /Users/mantejsingh/Desktop/Price-Pilot/test/unit/providers/booking_provider_test.dart: BookingProvider initial state is empty
00:00 +2: /Users/mantejsingh/Desktop/Price-Pilot/test/unit/providers/booking_provider_test.dart: BookingProvider initial state is empty
00:00 +3: /Users/mantejsingh/Desktop/Price-Pilot/test/unit/providers/booking_provider_test.dart: BookingProvider initial state is empty
00:00 +4: /Users/mantejsingh/Desktop/Price-Pilot/test/unit/providers/ride_provider_test.dart: RideProvider setVehicleFilter to null clears filter
00:00 +5: /Users/mantejsingh/Desktop/Price-Pilot/test/unit/providers/booking_provider_test.dart: BookingProvider clearActiveBooking resets active booking
00:00 +6: /Users/mantejsingh/Desktop/Price-Pilot/test/unit/providers/ride_provider_test.dart: RideProvider notifies listeners on filter change
00:00 +7: /Users/mantejsingh/Desktop/Price-Pilot/test/unit/providers/booking_provider_test.dart: BookingProvider notifies listeners on clearActiveBooking
00:00 +8: /Users/mantejsingh/Desktop/Price-Pilot/test/unit/providers/booking_provider_test.dart: BookingProvider notifies listeners on clearActiveBooking
00:00 +9: /Users/mantejsingh/Desktop/Price-Pilot/test/unit/providers/auth_provider_test.dart: AuthProvider initial state is unauthenticated
00:00 +9 -1: /Users/mantejsingh/Desktop/Price-Pilot/test/unit/utils/price_utils_test.dart: PriceUtils estimatePrice calculates price without surge
00:00 +10 -1: /Users/mantejsingh/Desktop/Price-Pilot/test/unit/utils/price_utils_test.dart: PriceUtils estimatePrice calculates price with surge multiplier
00:00 +11 -1: /Users/mantejsingh/Desktop/Price-Pilot/test/unit/utils/price_utils_test.dart: PriceUtils estimatePrice returns base fare only for zero distance and duration
00:00 +12 -1: /Users/mantejsingh/Desktop/Price-Pilot/test/unit/utils/price_utils_test.dart: PriceUtils estimatePrice rounds to 2 decimal places
00:00 +13 -1: /Users/mantejsingh/Desktop/Price-Pilot/test/unit/utils/price_utils_test.dart: PriceUtils estimatePrice default surge multiplier is 1.0
00:00 +14 -1: /Users/mantejsingh/Desktop/Price-Pilot/test/unit/utils/price_utils_test.dart: PriceUtils format formats price as INR with no decimals
00:00 +15 -1: /Users/mantejsingh/Desktop/Price-Pilot/test/unit/utils/price_utils_test.dart: PriceUtils format formats price rounding to whole number
00:00 +16 -1: /Users/mantejsingh/Desktop/Price-Pilot/test/unit/utils/price_utils_test.dart: PriceUtils formatPrecise formats price with 2 decimal places
00:00 +16 -1: /Users/mantejsingh/Desktop/Price-Pilot/test/unit/providers/auth_provider_test.dart: AuthProvider initial state is unauthenticated [E]
  'package:supabase_flutter/src/supabase.dart': Failed assertion: line 45 pos 7: '_instance._isInitialized': You must initialize the supabase instance before calling Supabase.instance
  dart:core                                                          _AssertionError._throwNew
  package:supabase_flutter/src/supabase.dart 45:7                    Supabase.instance
  package:price_pilot/core/config/supabase_config.dart 29:48         SupabaseConfig.client
  package:price_pilot/core/config/supabase_config.dart 32:35         SupabaseConfig.auth
  package:price_pilot/data/repositories/auth_repository.dart 124:22  AuthRepository.onAuthStateChange
  package:price_pilot/data/providers/auth_provider.dart 13:21        new AuthProvider
  test/unit/providers/auth_provider_test.dart 9:20                   main.<fn>
  
00:00 +17 -1: /Users/mantejsingh/Desktop/Price-Pilot/test/unit/providers/auth_provider_test.dart: AuthProvider clearError resets error to null
00:00 +17 -2: /Users/mantejsingh/Desktop/Price-Pilot/test/unit/utils/price_utils_test.dart: PriceUtils percentageDifference returns 0 for same prices
00:00 +18 -2: /Users/mantejsingh/Desktop/Price-Pilot/test/unit/utils/price_utils_test.dart: PriceUtils percentageDifference returns positive for higher compare price
00:00 +19 -2: /Users/mantejsingh/Desktop/Price-Pilot/test/unit/utils/price_utils_test.dart: PriceUtils percentageDifference returns negative for lower compare price
00:00 +20 -2: /Users/mantejsingh/Desktop/Price-Pilot/test/unit/providers/auth_provider_test.dart: AuthProvider clearError resets error to null [E]
  'package:supabase_flutter/src/supabase.dart': Failed assertion: line 45 pos 7: '_instance._isInitialized': You must initialize the supabase instance before calling Supabase.instance
  dart:core                                                          _AssertionError._throwNew
  package:supabase_flutter/src/supabase.dart 45:7                    Supabase.instance
  package:price_pilot/core/config/supabase_config.dart 29:48         SupabaseConfig.client
  package:price_pilot/core/config/supabase_config.dart 32:35         SupabaseConfig.auth
  package:price_pilot/data/repositories/auth_repository.dart 124:22  AuthRepository.onAuthStateChange
  package:price_pilot/data/providers/auth_provider.dart 13:21        new AuthProvider
  test/unit/providers/auth_provider_test.dart 9:20                   main.<fn>
  
00:00 +20 -2: /Users/mantejsingh/Desktop/Price-Pilot/test/unit/utils/price_utils_test.dart: PriceUtils percentageDifference returns 0 when base price is 0
00:00 +21 -2: /Users/mantejsingh/Desktop/Price-Pilot/test/unit/providers/auth_provider_test.dart: AuthProvider notifies listeners on clearError
00:00 +21 -3: /Users/mantejsingh/Desktop/Price-Pilot/test/unit/utils/price_utils_test.dart: PriceUtils savingsLabel returns Best Price when current equals lowest
00:00 +22 -3: /Users/mantejsingh/Desktop/Price-Pilot/test/unit/utils/price_utils_test.dart: PriceUtils savingsLabel returns Best Price when current is lower than lowest
00:00 +22 -3: /Users/mantejsingh/Desktop/Price-Pilot/test/unit/providers/auth_provider_test.dart: AuthProvider notifies listeners on clearError [E]
  'package:supabase_flutter/src/supabase.dart': Failed assertion: line 45 pos 7: '_instance._isInitialized': You must initialize the supabase instance before calling Supabase.instance
  dart:core                                                          _AssertionError._throwNew
  package:supabase_flutter/src/supabase.dart 45:7                    Supabase.instance
  package:price_pilot/core/config/supabase_config.dart 29:48         SupabaseConfig.client
  package:price_pilot/core/config/supabase_config.dart 32:35         SupabaseConfig.auth
  package:price_pilot/data/repositories/auth_repository.dart 124:22  AuthRepository.onAuthStateChange
  package:price_pilot/data/providers/auth_provider.dart 13:21        new AuthProvider
  test/unit/providers/auth_provider_test.dart 9:20                   main.<fn>
  
00:00 +23 -3: /Users/mantejsingh/Desktop/Price-Pilot/test/unit/utils/price_utils_test.dart: PriceUtils savingsLabel returns Save label when current is higher
00:00 +24 -3: /Users/mantejsingh/Desktop/Price-Pilot/test/unit/utils/location_utils_test.dart: LocationUtils haversineDistance returns 0 for same coordinates
00:00 +25 -3: /Users/mantejsingh/Desktop/Price-Pilot/test/unit/utils/location_utils_test.dart: LocationUtils haversineDistance calculates correct distance between Delhi and Mumbai
00:00 +26 -3: /Users/mantejsingh/Desktop/Price-Pilot/test/unit/utils/location_utils_test.dart: LocationUtils haversineDistance calculates short distance correctly
00:00 +27 -3: /Users/mantejsingh/Desktop/Price-Pilot/test/unit/utils/location_utils_test.dart: LocationUtils haversineDistance is symmetric (A→B == B→A)
00:00 +28 -3: /Users/mantejsingh/Desktop/Price-Pilot/test/unit/utils/location_utils_test.dart: LocationUtils formatDistance formats distance < 1 km in meters
00:00 +29 -3: /Users/mantejsingh/Desktop/Price-Pilot/test/unit/utils/location_utils_test.dart: LocationUtils formatDistance formats distance >= 1 km in kilometers
00:00 +30 -3: /Users/mantejsingh/Desktop/Price-Pilot/test/unit/utils/location_utils_test.dart: LocationUtils formatDistance formats very small distance
00:00 +31 -3: /Users/mantejsingh/Desktop/Price-Pilot/test/unit/utils/location_utils_test.dart: LocationUtils formatDistance formats large distance
00:00 +32 -3: /Users/mantejsingh/Desktop/Price-Pilot/test/unit/utils/location_utils_test.dart: LocationUtils formatDuration formats minutes < 60
00:00 +33 -3: /Users/mantejsingh/Desktop/Price-Pilot/test/unit/utils/location_utils_test.dart: LocationUtils formatDuration formats exactly 1 hour
00:00 +34 -3: /Users/mantejsingh/Desktop/Price-Pilot/test/unit/utils/location_utils_test.dart: LocationUtils formatDuration formats hours and minutes
00:00 +35 -3: /Users/mantejsingh/Desktop/Price-Pilot/test/unit/utils/location_utils_test.dart: LocationUtils formatDuration formats multiple hours
00:00 +36 -3: /Users/mantejsingh/Desktop/Price-Pilot/test/unit/utils/location_utils_test.dart: LocationUtils formatDuration formats exactly N hours
00:00 +37 -3: /Users/mantejsingh/Desktop/Price-Pilot/test/unit/models/location_model_test.dart: LocationModel fromJson creates a valid model
00:00 +38 -3: /Users/mantejsingh/Desktop/Price-Pilot/test/unit/models/location_model_test.dart: LocationModel toJson produces correct map
00:00 +39 -3: /Users/mantejsingh/Desktop/Price-Pilot/test/unit/models/user_model_test.dart: UserModel fromJson creates a valid model
00:00 +40 -3: /Users/mantejsingh/Desktop/Price-Pilot/test/unit/models/user_model_test.dart: UserModel fromJson creates a valid model
00:00 +41 -3: /Users/mantejsingh/Desktop/Price-Pilot/test/unit/models/user_model_test.dart: UserModel fromJson creates a valid model
00:00 +42 -3: /Users/mantejsingh/Desktop/Price-Pilot/test/unit/models/user_model_test.dart: UserModel fromJson creates a valid model
00:00 +43 -3: /Users/mantejsingh/Desktop/Price-Pilot/test/unit/models/user_model_test.dart: UserModel fromJson creates a valid model
00:00 +44 -3: /Users/mantejsingh/Desktop/Price-Pilot/test/unit/models/user_model_test.dart: UserModel fromJson creates a valid model
00:00 +45 -3: /Users/mantejsingh/Desktop/Price-Pilot/test/unit/models/user_model_test.dart: UserModel fromJson creates a valid model
00:00 +46 -3: /Users/mantejsingh/Desktop/Price-Pilot/test/unit/models/user_model_test.dart: UserModel toJson produces correct map
00:00 +47 -3: /Users/mantejsingh/Desktop/Price-Pilot/test/unit/models/user_model_test.dart: UserModel JSON round-trip preserves data
00:00 +48 -3: /Users/mantejsingh/Desktop/Price-Pilot/test/unit/models/user_model_test.dart: UserModel fromJson handles null optional fields
00:00 +49 -3: /Users/mantejsingh/Desktop/Price-Pilot/test/unit/models/user_model_test.dart: UserModel copyWith creates a copy with overridden values
00:00 +50 -3: /Users/mantejsingh/Desktop/Price-Pilot/test/unit/models/user_model_test.dart: UserModel copyWith preserves all values when no args given
00:00 +51 -3: /Users/mantejsingh/Desktop/Price-Pilot/test/unit/models/user_model_test.dart: UserModel equality is based on id
00:00 +52 -3: /Users/mantejsingh/Desktop/Price-Pilot/test/unit/models/user_model_test.dart: UserModel inequality when different ids
00:00 +53 -3: /Users/mantejsingh/Desktop/Price-Pilot/test/unit/models/user_model_test.dart: UserModel toString contains name and email
00:00 +54 -3: /Users/mantejsingh/Desktop/Price-Pilot/test/unit/models/booking_model_test.dart: BookingModel fromJson creates a valid model
00:00 +55 -3: /Users/mantejsingh/Desktop/Price-Pilot/test/unit/models/booking_model_test.dart: BookingModel toJson produces correct map
00:00 +56 -3: /Users/mantejsingh/Desktop/Price-Pilot/test/unit/models/booking_model_test.dart: BookingModel fromJson handles null optional fields
00:00 +57 -3: /Users/mantejsingh/Desktop/Price-Pilot/test/unit/models/booking_model_test.dart: BookingModel copyWith creates copy with overridden values
00:00 +58 -3: /Users/mantejsingh/Desktop/Price-Pilot/test/unit/models/booking_model_test.dart: BookingModel copyWith preserves all values when no args
00:00 +59 -3: /Users/mantejsingh/Desktop/Price-Pilot/test/unit/models/booking_model_test.dart: BookingModel status transitions via copyWith
00:00 +60 -3: /Users/mantejsingh/Desktop/Price-Pilot/test/unit/models/booking_model_test.dart: BookingModel equality is based on id
00:00 +61 -3: /Users/mantejsingh/Desktop/Price-Pilot/test/unit/models/booking_model_test.dart: BookingModel toString contains service and status
00:00 +62 -3: /Users/mantejsingh/Desktop/Price-Pilot/test/unit/models/ride_model_test.dart: RideModel fromJson creates a valid model
00:00 +63 -3: /Users/mantejsingh/Desktop/Price-Pilot/test/unit/models/ride_model_test.dart: RideModel toJson produces correct map
00:00 +64 -3: /Users/mantejsingh/Desktop/Price-Pilot/test/unit/models/ride_model_test.dart: RideModel JSON round-trip preserves data
00:00 +65 -3: /Users/mantejsingh/Desktop/Price-Pilot/test/unit/models/ride_model_test.dart: RideModel fromJson uses defaults for optional fields
00:00 +66 -3: /Users/mantejsingh/Desktop/Price-Pilot/test/unit/models/ride_model_test.dart: RideModel hasSurge returns true when multiplier > 1.0
00:00 +67 -3: /Users/mantejsingh/Desktop/Price-Pilot/test/unit/models/ride_model_test.dart: RideModel hasSurge returns false when multiplier is 1.0
00:00 +68 -3: /Users/mantejsingh/Desktop/Price-Pilot/test/unit/models/ride_model_test.dart: RideModel priceBeforeSurge calculates correctly
00:00 +69 -3: /Users/mantejsingh/Desktop/Price-Pilot/test/unit/models/ride_model_test.dart: RideModel priceBeforeSurge returns price when no surge
00:00 +70 -3: /Users/mantejsingh/Desktop/Price-Pilot/test/unit/models/ride_model_test.dart: RideModel copyWith creates a new instance with overridden values
00:00 +71 -3: /Users/mantejsingh/Desktop/Price-Pilot/test/unit/models/ride_model_test.dart: RideModel copyWith preserves original when no args
00:00 +72 -3: /Users/mantejsingh/Desktop/Price-Pilot/test/unit/models/ride_model_test.dart: RideModel equality is based on id
00:00 +73 -3: /Users/mantejsingh/Desktop/Price-Pilot/test/unit/models/ride_model_test.dart: RideModel inequality when different ids
00:00 +74 -3: /Users/mantejsingh/Desktop/Price-Pilot/test/unit/models/ride_model_test.dart: RideModel toString contains service and vehicle type
00:00 +75 -3: Some tests failed.
